// Jest Snapshot v1, https://goo.gl/fbAQLP

exports[`COMPONENT -> Content - snapshot... expect to render correct properties 1`] = `
<wrapper__Wrapper>
  <Component />
  <p>
    Hello World!!
  </p>
</wrapper__Wrapper>
`;
