// Jest Snapshot v1, https://goo.gl/fbAQLP

exports[`COMPONENT -> Content - snapshot... expect to render correct properties 1`] = `
<wrapper__Wrapper>
  <File
    file="file.mp3"
    key="file.mp3"
  />
  <File
    file="file.wav"
    key="file.wav"
  />
</wrapper__Wrapper>
`;
